// Jest Snapshot v1, https://goo.gl/fbAQLP

exports[`TopicSelector should match snapshot 1`] = `
<div>
  <div
    class="MuiInputBase-root MuiInput-root MuiInput-underline"
  >
    <div
      aria-haspopup="listbox"
      aria-labelledby="topicSelector select"
      class="MuiSelect-root MuiSelect-select MuiSelect-selectMenu MuiInputBase-input MuiInput-input"
      id="select"
      role="button"
      tabindex="0"
    >
      Wybierz temat
    </div>
    <input
      aria-hidden="true"
      class="MuiSelect-nativeInput"
      tabindex="-1"
      value="-1"
    />
    <svg
      aria-hidden="true"
      class="MuiSvgIcon-root MuiSelect-icon"
      focusable="false"
      viewBox="0 0 24 24"
    >
      <path
        d="M7 10l5 5 5-5z"
      />
    </svg>
  </div>
</div>
`;
